

*******************************************************************************
Wed Jun 24 10:30:34 2026


FIT:    data read from "out.times.data" using (log($1)):(log($2))
        format = x:z
        #datapoints = 16
        residuals are weighted equally (unit weight)

function used for fitting: f(x)
	f(x) = a + b*x
fitted parameters initialized with current variable values

iter      chisq       delta/lim  lambda   a             b            
   0 1.0971818992e+03   0.00e+00  3.92e+00    1.000000e+00   1.000000e+00
   5 1.0896874119e-01  -1.17e-04  3.92e-05   -1.908412e+01   3.177531e+00

After 5 iterations the fit converged.
final sum of squares of residuals : 0.108969
rel. change during last iteration : -1.16618e-09

degrees of freedom    (FIT_NDF)                        : 14
rms of residuals      (FIT_STDFIT) = sqrt(WSSR/ndf)    : 0.088224
variance of residuals (reduced chisquare) = WSSR/ndf   : 0.00778348

Final set of parameters            Asymptotic Standard Error
=======================            ==========================
a               = -19.0841         +/- 0.2918       (1.529%)
b               = 3.17753          +/- 0.05346      (1.682%)

correlation matrix of the fit parameters:
                a      b      
a               1.000 
b              -0.997  1.000 
