

*******************************************************************************
Tue May 12 11:27:29 2026


FIT:    data read from "out.times" using 1:2
        format = x:z
        #datapoints = 8
        residuals are weighted equally (unit weight)

function used for fitting: f(x)
	f(x)=a+b/x
fitted parameters initialized with current variable values

iter      chisq       delta/lim  lambda   a             b            
   0 1.7875105760e+02   0.00e+00  3.17e+00    1.000000e+00   1.000000e+01
   4 3.4786766662e-03  -2.37e-03  3.17e-04    1.696380e-01   7.259014e-01

After 4 iterations the fit converged.
final sum of squares of residuals : 0.00347868
rel. change during last iteration : -2.37351e-08

degrees of freedom    (FIT_NDF)                        : 6
rms of residuals      (FIT_STDFIT) = sqrt(WSSR/ndf)    : 0.0240786
variance of residuals (reduced chisquare) = WSSR/ndf   : 0.000579779

Final set of parameters            Asymptotic Standard Error
=======================            ==========================
a               = 0.169638         +/- 0.01354      (7.98%)
b               = 0.725901         +/- 0.03098      (4.268%)

correlation matrix of the fit parameters:
                a      b      
a               1.000 
b              -0.778  1.000 
